******************************************************************************
               TMS320C6x Linker PC v7.3.1                      
******************************************************************************
>> Linked Tue Feb 28 22:31:20 2012

OUTPUT FILE NAME:   <myFirstProjectPlus.out>
ENTRY POINT SYMBOL: "_c_int00"  address: 118019a0


MEMORY CONFIGURATION

         name            origin    length      used     unused   attr    fill
----------------------  --------  ---------  --------  --------  ----  --------
  VECTORS               11800000   00000200  00000200  00000000  RWIX
  DSPRAM                11800200   0003fe00  00001d7c  0003e084  RWIX
  SHAREDRAM             80000000   00020000  00000000  00020000  RWIX
  SDRAM                 c0000000   08000000  00000000  08000000  RWIX


SECTION ALLOCATION MAP

 output                                  attributes/
section   page    origin      length       input sections
--------  ----  ----------  ----------   ----------------
vectors    0    11800000    00000200     
                  11800000    00000200     vectors.obj (vectors)

.text      0    11800200    000018e0     
                  11800200    00001140     OMAPL138_Support_DSP.obj (.text)
                  11801340    00000280     ISRs.obj (.text:retain)
                  118015c0    00000100     rts6740.lib : autoinit.obj (.text:__auto_init)
                  118016c0    000000e0                 : exit.obj (.text:_exit)
                  118017a0    000000c0                 : divu.obj (.text:__divu)
                  11801860    000000a0                 : cpy_tbl.obj (.text:_copy_in)
                  11801900    000000a0                 : memcpy64.obj (.text:_memcpy)
                  118019a0    00000080                 : boot.obj (.text:_c_int00)
                  11801a20    00000040                 : args_main.obj (.text:__args_main)
                  11801a60    00000020     StartUp.obj (.text)
                  11801a80    00000020     rts6740.lib : _lock.obj (.text:__nop)
                  11801aa0    00000020                 : exit.obj (.text:_abort)
                  11801ac0    00000020     main.obj (.text)

.stack     0    11801ae0    00000400     UNINITIALIZED
                  11801ae0    00000008     rts6740.lib : boot.obj (.stack)
                  11801ae8    000003f8     --HOLE--

.cinit     0    11801ee0    00000064     
                  11801ee0    0000002c     rts6740.lib : exit.obj (.cinit)
                  11801f0c    00000004     --HOLE-- [fill = 0]
                  11801f10    0000001c                 : _lock.obj (.cinit)
                  11801f2c    00000004     --HOLE-- [fill = 0]
                  11801f30    0000000c     OMAPL138_Support_DSP.obj (.cinit)
                  11801f3c    00000004     --HOLE-- [fill = 0]
                  11801f40    00000004     (.pad.cinit) [fill = 0]

.far       0    11801f44    0000001c     UNINITIALIZED
                  11801f44    0000000c     rts6740.lib : exit.obj (.far)
                  11801f50    00000008     ISRs.obj (.far)
                  11801f58    00000008     rts6740.lib : _lock.obj (.far)

.switch    0    11801f60    00000018     
                  11801f60    00000018     OMAPL138_Support_DSP.obj (.switch:_SetSampleRate_AIC3106)

.bss       0    11801f78    00000004     UNINITIALIZED
                  11801f78    00000004     OMAPL138_Support_DSP.obj (.bss)


GLOBAL SYMBOLS: SORTED ALPHABETICALLY BY Name 

address    name
--------   ----
11801f78   $bss
11801f78   .bss
11800200   .text
11801aa0   C$$EXIT
11800c50   _AIC3106_write_reg
11800a14   _CheckForOverrun
11801f50   _CodecDataIn
11801f54   _CodecDataOut
11801340   _Codec_ISR
11800208   _DSP_Init
1180022c   _DSP_Init_EDMA
11800524   _EnableInterrupts
11800574   _EnableInterrupts_EDMA
11800200   _GetSampleFreq
1180036c   _InitDigitalOutputs
11800250   _InitGpioExpander
11800a44   _Init_AIC3106
118005e8   _Init_I2C
118004e0   _Init_Interrupts
11800564   _Init_Interrupts_EDMA
11800e04   _Init_McASP0
11801198   _Init_UART2
118012e4   _IsDataReady_UART2
11801308   _IsTxReady_UART2
11801278   _Puts_UART2
118009cc   _ReadCodecData
11800334   _ReadSwitches
118008e4   _Read_I2C
118012c4   _Read_UART2
11800c8c   _Reset_AIC3106
11800644   _Reset_I2C
11800cb4   _SetSampleRate_AIC3106
11801a60   _StartUp
118009f0   _WriteCodecData
118003e8   _WriteDigitalOutputs
118002f8   _WriteLEDs
11800748   _WriteRead_I2C
11800664   _Write_I2C
11801250   _Write_UART2
11801ee0   __STACK_END
00000400   __STACK_SIZE
00000001   __TI_args_main
11801f4c   ___TI_enable_exit_profile_output
ffffffff   ___TI_pprof_out_hndl
ffffffff   ___TI_prof_data_size
ffffffff   ___TI_prof_data_start
ffffffff   ___binit__
11801f78   ___bss__
ffffffff   ___c_args__
11801ee0   ___cinit__
11801f7c   ___end__
11801ae0   ___etext__
ffffffff   ___pinit__
11800200   ___text__
11801a20   __args_main
118015c0   __auto_init
118017a0   __c6xabi_divu
11801f44   __cleanup_ptr
118017a0   __divu
11801f48   __dtors_ptr
11801f58   __lock
11801a80   __nop
11801ae0   __stack
11801f5c   __unlock
11801aa0   _abort
118019a0   _c_int00
11801860   _copy_in
118016c0   _exit
11801ac0   _main
11801900   _memcpy
118005b4   _wait
ffffffff   binit
11801ee0   cinit
11801f7c   end
11801ae0   etext
ffffffff   pinit


GLOBAL SYMBOLS: SORTED BY Symbol Address 

address    name
--------   ----
00000001   __TI_args_main
00000400   __STACK_SIZE
11800200   .text
11800200   _GetSampleFreq
11800200   ___text__
11800208   _DSP_Init
1180022c   _DSP_Init_EDMA
11800250   _InitGpioExpander
118002f8   _WriteLEDs
11800334   _ReadSwitches
1180036c   _InitDigitalOutputs
118003e8   _WriteDigitalOutputs
118004e0   _Init_Interrupts
11800524   _EnableInterrupts
11800564   _Init_Interrupts_EDMA
11800574   _EnableInterrupts_EDMA
118005b4   _wait
118005e8   _Init_I2C
11800644   _Reset_I2C
11800664   _Write_I2C
11800748   _WriteRead_I2C
118008e4   _Read_I2C
118009cc   _ReadCodecData
118009f0   _WriteCodecData
11800a14   _CheckForOverrun
11800a44   _Init_AIC3106
11800c50   _AIC3106_write_reg
11800c8c   _Reset_AIC3106
11800cb4   _SetSampleRate_AIC3106
11800e04   _Init_McASP0
11801198   _Init_UART2
11801250   _Write_UART2
11801278   _Puts_UART2
118012c4   _Read_UART2
118012e4   _IsDataReady_UART2
11801308   _IsTxReady_UART2
11801340   _Codec_ISR
118015c0   __auto_init
118016c0   _exit
118017a0   __c6xabi_divu
118017a0   __divu
11801860   _copy_in
11801900   _memcpy
118019a0   _c_int00
11801a20   __args_main
11801a60   _StartUp
11801a80   __nop
11801aa0   C$$EXIT
11801aa0   _abort
11801ac0   _main
11801ae0   ___etext__
11801ae0   __stack
11801ae0   etext
11801ee0   __STACK_END
11801ee0   ___cinit__
11801ee0   cinit
11801f44   __cleanup_ptr
11801f48   __dtors_ptr
11801f4c   ___TI_enable_exit_profile_output
11801f50   _CodecDataIn
11801f54   _CodecDataOut
11801f58   __lock
11801f5c   __unlock
11801f78   $bss
11801f78   .bss
11801f78   ___bss__
11801f7c   ___end__
11801f7c   end
ffffffff   ___TI_pprof_out_hndl
ffffffff   ___TI_prof_data_size
ffffffff   ___TI_prof_data_start
ffffffff   ___binit__
ffffffff   ___c_args__
ffffffff   ___pinit__
ffffffff   binit
ffffffff   pinit

[76 symbols]
