<?xml version="1.0"?>
<link_info>
   <banner>TMS320C6x Linker PC v7.3.1</banner>
   <copyright>Copyright (c) 1996-2011 Texas Instruments Incorporated</copyright>
   <link_time>0x5ddd87e7</link_time>
   <output_file>fir_float_AIC3106.out</output_file>
   <entry_point>
      <name>_c_int00</name>
      <address>0x11801900</address>
   </entry_point>
   <input_file_list>
      <input_file id="fl-2">
         <path>.\</path>
         <kind>object</kind>
         <file>ISRs_fir_float.obj</file>
         <name>ISRs_fir_float.obj</name>
      </input_file>
      <input_file id="fl-3">
         <path>.\</path>
         <kind>object</kind>
         <file>LCDK6748_Support_DSP.obj</file>
         <name>LCDK6748_Support_DSP.obj</name>
      </input_file>
      <input_file id="fl-4">
         <path>.\</path>
         <kind>object</kind>
         <file>StartUp.obj</file>
         <name>StartUp.obj</name>
      </input_file>
      <input_file id="fl-5">
         <path>.\</path>
         <kind>object</kind>
         <file>main.obj</file>
         <name>main.obj</name>
      </input_file>
      <input_file id="fl-6">
         <path>.\</path>
         <kind>object</kind>
         <file>vectors.obj</file>
         <name>vectors.obj</name>
      </input_file>
      <input_file id="fl-b">
         <path>C:\Program Files (x86)\Texas Instruments\C6000 Code Generation Tools 7.3.1\lib\</path>
         <kind>archive</kind>
         <file>rts6740.lib</file>
         <name>boot.obj</name>
      </input_file>
      <input_file id="fl-c">
         <path>C:\Program Files (x86)\Texas Instruments\C6000 Code Generation Tools 7.3.1\lib\</path>
         <kind>archive</kind>
         <file>rts6740.lib</file>
         <name>imath40.obj</name>
      </input_file>
      <input_file id="fl-d">
         <path>C:\Program Files (x86)\Texas Instruments\C6000 Code Generation Tools 7.3.1\lib\</path>
         <kind>archive</kind>
         <file>rts6740.lib</file>
         <name>exit.obj</name>
      </input_file>
      <input_file id="fl-e">
         <path>C:\Program Files (x86)\Texas Instruments\C6000 Code Generation Tools 7.3.1\lib\</path>
         <kind>archive</kind>
         <file>rts6740.lib</file>
         <name>_lock.obj</name>
      </input_file>
      <input_file id="fl-f">
         <path>C:\Program Files (x86)\Texas Instruments\C6000 Code Generation Tools 7.3.1\lib\</path>
         <kind>archive</kind>
         <file>rts6740.lib</file>
         <name>args_main.obj</name>
      </input_file>
      <input_file id="fl-10">
         <path>C:\Program Files (x86)\Texas Instruments\C6000 Code Generation Tools 7.3.1\lib\</path>
         <kind>archive</kind>
         <file>rts6740.lib</file>
         <name>divu.obj</name>
      </input_file>
      <input_file id="fl-11">
         <path>C:\Program Files (x86)\Texas Instruments\C6000 Code Generation Tools 7.3.1\lib\</path>
         <kind>archive</kind>
         <file>rts6740.lib</file>
         <name>autoinit.obj</name>
      </input_file>
      <input_file id="fl-12">
         <path>C:\Program Files (x86)\Texas Instruments\C6000 Code Generation Tools 7.3.1\lib\</path>
         <kind>archive</kind>
         <file>rts6740.lib</file>
         <name>cpy_tbl.obj</name>
      </input_file>
      <input_file id="fl-13">
         <path>C:\Program Files (x86)\Texas Instruments\C6000 Code Generation Tools 7.3.1\lib\</path>
         <kind>archive</kind>
         <file>rts6740.lib</file>
         <name>memcpy64.obj</name>
      </input_file>
   </input_file_list>
   <object_component_list>
      <object_component id="oc-25">
         <name>vectors</name>
         <load_address>0x11800000</load_address>
         <run_address>0x11800000</run_address>
         <size>0x200</size>
         <input_file_ref idref="fl-6"/>
      </object_component>
      <object_component id="oc-f">
         <name>.bss</name>
         <uninitialized>true</uninitialized>
         <run_address>0x11802050</run_address>
         <size>0x20</size>
         <input_file_ref idref="fl-2"/>
      </object_component>
      <object_component id="oc-17">
         <name>.bss</name>
         <uninitialized>true</uninitialized>
         <run_address>0x11802070</run_address>
         <size>0x4</size>
         <input_file_ref idref="fl-3"/>
      </object_component>
      <object_component id="oc-11">
         <name>.cinit</name>
         <load_address>0x11801fa8</load_address>
         <run_address>0x11801fa8</run_address>
         <size>0x40</size>
         <input_file_ref idref="fl-2"/>
      </object_component>
      <object_component id="oc-31">
         <name>.cinit</name>
         <load_address>0x11801fe8</load_address>
         <run_address>0x11801fe8</run_address>
         <size>0x2c</size>
         <input_file_ref idref="fl-d"/>
      </object_component>
      <object_component id="oc-36">
         <name>.cinit</name>
         <load_address>0x11802018</load_address>
         <run_address>0x11802018</run_address>
         <size>0x1c</size>
         <input_file_ref idref="fl-e"/>
      </object_component>
      <object_component id="oc-19">
         <name>.cinit</name>
         <load_address>0x11802038</load_address>
         <run_address>0x11802038</run_address>
         <size>0xc</size>
         <input_file_ref idref="fl-3"/>
      </object_component>
      <object_component id="oc-2a">
         <name>.stack</name>
         <uninitialized>true</uninitialized>
         <run_address>0x11801a20</run_address>
         <size>0x8</size>
         <input_file_ref idref="fl-b"/>
      </object_component>
      <object_component id="oc-6a">
         <name>.stack</name>
         <uninitialized>true</uninitialized>
         <run_address>0x11801a20</run_address>
         <size>0x0</size>
      </object_component>
      <object_component id="oc-4c">
         <name>.text</name>
         <load_address>0x11800200</load_address>
         <run_address>0x11800200</run_address>
         <size>0xea0</size>
         <input_file_ref idref="fl-3"/>
      </object_component>
      <object_component id="oc-13">
         <name>.text:retain</name>
         <load_address>0x118010a0</load_address>
         <run_address>0x118010a0</run_address>
         <size>0x400</size>
         <input_file_ref idref="fl-2"/>
      </object_component>
      <object_component id="oc-49">
         <name>.text:__auto_init</name>
         <load_address>0x118014a0</load_address>
         <run_address>0x118014a0</run_address>
         <size>0x100</size>
         <input_file_ref idref="fl-11"/>
      </object_component>
      <object_component id="oc-4b">
         <name>.text:_exit</name>
         <load_address>0x118015a0</load_address>
         <run_address>0x118015a0</run_address>
         <size>0xe0</size>
         <input_file_ref idref="fl-d"/>
      </object_component>
      <object_component id="oc-53">
         <name>.text:__divu</name>
         <load_address>0x11801680</load_address>
         <run_address>0x11801680</run_address>
         <size>0xc0</size>
         <input_file_ref idref="fl-10"/>
      </object_component>
      <object_component id="oc-4e">
         <name>.text:_copy_in</name>
         <load_address>0x11801740</load_address>
         <run_address>0x11801740</run_address>
         <size>0xa0</size>
         <input_file_ref idref="fl-12"/>
      </object_component>
      <object_component id="oc-4f">
         <name>.text:_memcpy</name>
         <load_address>0x118017e0</load_address>
         <run_address>0x118017e0</run_address>
         <size>0xa0</size>
         <input_file_ref idref="fl-13"/>
      </object_component>
      <object_component id="oc-54">
         <name>.text</name>
         <load_address>0x11801880</load_address>
         <run_address>0x11801880</run_address>
         <size>0x80</size>
         <input_file_ref idref="fl-4"/>
      </object_component>
      <object_component id="oc-e">
         <name>.text:_c_int00</name>
         <load_address>0x11801900</load_address>
         <run_address>0x11801900</run_address>
         <size>0x80</size>
         <input_file_ref idref="fl-b"/>
      </object_component>
      <object_component id="oc-4a">
         <name>.text:__args_main</name>
         <load_address>0x11801980</load_address>
         <run_address>0x11801980</run_address>
         <size>0x40</size>
         <input_file_ref idref="fl-f"/>
      </object_component>
      <object_component id="oc-4d">
         <name>.text:__nop</name>
         <load_address>0x118019c0</load_address>
         <run_address>0x118019c0</run_address>
         <size>0x20</size>
         <input_file_ref idref="fl-e"/>
      </object_component>
      <object_component id="oc-51">
         <name>.text:_abort</name>
         <load_address>0x118019e0</load_address>
         <run_address>0x118019e0</run_address>
         <size>0x20</size>
         <input_file_ref idref="fl-d"/>
      </object_component>
      <object_component id="oc-50">
         <name>.text</name>
         <load_address>0x11801a00</load_address>
         <run_address>0x11801a00</run_address>
         <size>0x20</size>
         <input_file_ref idref="fl-5"/>
      </object_component>
      <object_component id="oc-52">
         <name>.switch:_SetSampleRate_AIC3106</name>
         <load_address>0x11802074</load_address>
         <run_address>0x11802074</run_address>
         <size>0x18</size>
         <input_file_ref idref="fl-3"/>
      </object_component>
      <object_component id="oc-12">
         <name>.far</name>
         <uninitialized>true</uninitialized>
         <run_address>0x11801e20</run_address>
         <size>0x170</size>
         <input_file_ref idref="fl-2"/>
      </object_component>
      <object_component id="oc-32">
         <name>.far</name>
         <uninitialized>true</uninitialized>
         <run_address>0x11801f90</run_address>
         <size>0xc</size>
         <input_file_ref idref="fl-d"/>
      </object_component>
      <object_component id="oc-37">
         <name>.far</name>
         <uninitialized>true</uninitialized>
         <run_address>0x11801f9c</run_address>
         <size>0x8</size>
         <input_file_ref idref="fl-e"/>
      </object_component>
      <object_component id="oc-10">
         <name>.debug_info</name>
         <load_address>0x0</load_address>
         <run_address>0x0</run_address>
         <size>0x9b7</size>
         <input_file_ref idref="fl-2"/>
      </object_component>
      <object_component id="oc-18">
         <name>.debug_info</name>
         <load_address>0x9b7</load_address>
         <run_address>0x9b7</run_address>
         <size>0x2eb8</size>
         <input_file_ref idref="fl-3"/>
      </object_component>
      <object_component id="oc-1d">
         <name>.debug_info</name>
         <load_address>0x386f</load_address>
         <run_address>0x386f</run_address>
         <size>0x759</size>
         <input_file_ref idref="fl-4"/>
      </object_component>
      <object_component id="oc-21">
         <name>.debug_info</name>
         <load_address>0x3fc8</load_address>
         <run_address>0x3fc8</run_address>
         <size>0x69f</size>
         <input_file_ref idref="fl-5"/>
      </object_component>
      <object_component id="oc-26">
         <name>.debug_info</name>
         <load_address>0x4667</load_address>
         <run_address>0x4667</run_address>
         <size>0xed</size>
         <input_file_ref idref="fl-6"/>
      </object_component>
      <object_component id="oc-29">
         <name>.debug_info</name>
         <load_address>0x4754</load_address>
         <run_address>0x4754</run_address>
         <size>0x6d2</size>
         <input_file_ref idref="fl-b"/>
      </object_component>
      <object_component id="oc-2d">
         <name>.debug_info</name>
         <load_address>0x4e26</load_address>
         <run_address>0x4e26</run_address>
         <size>0x5f0</size>
         <input_file_ref idref="fl-c"/>
      </object_component>
      <object_component id="oc-30">
         <name>.debug_info</name>
         <load_address>0x5416</load_address>
         <run_address>0x5416</run_address>
         <size>0x7f9</size>
         <input_file_ref idref="fl-d"/>
      </object_component>
      <object_component id="oc-35">
         <name>.debug_info</name>
         <load_address>0x5c0f</load_address>
         <run_address>0x5c0f</run_address>
         <size>0x633</size>
         <input_file_ref idref="fl-e"/>
      </object_component>
      <object_component id="oc-3a">
         <name>.debug_info</name>
         <load_address>0x6242</load_address>
         <run_address>0x6242</run_address>
         <size>0x6c8</size>
         <input_file_ref idref="fl-f"/>
      </object_component>
      <object_component id="oc-3d">
         <name>.debug_info</name>
         <load_address>0x690a</load_address>
         <run_address>0x690a</run_address>
         <size>0xbd</size>
         <input_file_ref idref="fl-10"/>
      </object_component>
      <object_component id="oc-40">
         <name>.debug_info</name>
         <load_address>0x69c7</load_address>
         <run_address>0x69c7</run_address>
         <size>0x8af</size>
         <input_file_ref idref="fl-11"/>
      </object_component>
      <object_component id="oc-43">
         <name>.debug_info</name>
         <load_address>0x7276</load_address>
         <run_address>0x7276</run_address>
         <size>0x7ac</size>
         <input_file_ref idref="fl-12"/>
      </object_component>
      <object_component id="oc-46">
         <name>.debug_info</name>
         <load_address>0x7a22</load_address>
         <run_address>0x7a22</run_address>
         <size>0xcc</size>
         <input_file_ref idref="fl-13"/>
      </object_component>
      <object_component id="oc-6b">
         <name>.debug_info</name>
         <load_address>0x7aee</load_address>
         <run_address>0x7aee</run_address>
         <size>0x6d</size>
      </object_component>
      <object_component id="oc-14">
         <name>.debug_frame</name>
         <load_address>0x0</load_address>
         <run_address>0x0</run_address>
         <size>0x379</size>
         <input_file_ref idref="fl-2"/>
      </object_component>
      <object_component id="oc-1a">
         <name>.debug_frame</name>
         <load_address>0x379</load_address>
         <run_address>0x379</run_address>
         <size>0x595</size>
         <input_file_ref idref="fl-3"/>
      </object_component>
      <object_component id="oc-1e">
         <name>.debug_frame</name>
         <load_address>0x90e</load_address>
         <run_address>0x90e</run_address>
         <size>0x25d</size>
         <input_file_ref idref="fl-4"/>
      </object_component>
      <object_component id="oc-22">
         <name>.debug_frame</name>
         <load_address>0xb6b</load_address>
         <run_address>0xb6b</run_address>
         <size>0x259</size>
         <input_file_ref idref="fl-5"/>
      </object_component>
      <object_component id="oc-15">
         <name>.debug_line</name>
         <load_address>0x0</load_address>
         <run_address>0x0</run_address>
         <size>0x8d</size>
         <input_file_ref idref="fl-2"/>
      </object_component>
      <object_component id="oc-1b">
         <name>.debug_line</name>
         <load_address>0x8d</load_address>
         <run_address>0x8d</run_address>
         <size>0x692</size>
         <input_file_ref idref="fl-3"/>
      </object_component>
      <object_component id="oc-1f">
         <name>.debug_line</name>
         <load_address>0x71f</load_address>
         <run_address>0x71f</run_address>
         <size>0x59</size>
         <input_file_ref idref="fl-4"/>
      </object_component>
      <object_component id="oc-23">
         <name>.debug_line</name>
         <load_address>0x778</load_address>
         <run_address>0x778</run_address>
         <size>0x3d</size>
         <input_file_ref idref="fl-5"/>
      </object_component>
      <object_component id="oc-27">
         <name>.debug_line</name>
         <load_address>0x7b5</load_address>
         <run_address>0x7b5</run_address>
         <size>0xb9</size>
         <input_file_ref idref="fl-6"/>
      </object_component>
      <object_component id="oc-2b">
         <name>.debug_line</name>
         <load_address>0x86e</load_address>
         <run_address>0x86e</run_address>
         <size>0x3d</size>
         <input_file_ref idref="fl-b"/>
      </object_component>
      <object_component id="oc-2e">
         <name>.debug_line</name>
         <load_address>0x8ab</load_address>
         <run_address>0x8ab</run_address>
         <size>0x27</size>
         <input_file_ref idref="fl-c"/>
      </object_component>
      <object_component id="oc-33">
         <name>.debug_line</name>
         <load_address>0x8d2</load_address>
         <run_address>0x8d2</run_address>
         <size>0x4f</size>
         <input_file_ref idref="fl-d"/>
      </object_component>
      <object_component id="oc-38">
         <name>.debug_line</name>
         <load_address>0x921</load_address>
         <run_address>0x921</run_address>
         <size>0x35</size>
         <input_file_ref idref="fl-e"/>
      </object_component>
      <object_component id="oc-3b">
         <name>.debug_line</name>
         <load_address>0x956</load_address>
         <run_address>0x956</run_address>
         <size>0x3f</size>
         <input_file_ref idref="fl-f"/>
      </object_component>
      <object_component id="oc-3e">
         <name>.debug_line</name>
         <load_address>0x995</load_address>
         <run_address>0x995</run_address>
         <size>0x44</size>
         <input_file_ref idref="fl-10"/>
      </object_component>
      <object_component id="oc-41">
         <name>.debug_line</name>
         <load_address>0x9d9</load_address>
         <run_address>0x9d9</run_address>
         <size>0x51</size>
         <input_file_ref idref="fl-11"/>
      </object_component>
      <object_component id="oc-44">
         <name>.debug_line</name>
         <load_address>0xa2a</load_address>
         <run_address>0xa2a</run_address>
         <size>0x44</size>
         <input_file_ref idref="fl-12"/>
      </object_component>
      <object_component id="oc-47">
         <name>.debug_line</name>
         <load_address>0xa6e</load_address>
         <run_address>0xa6e</run_address>
         <size>0x4a</size>
         <input_file_ref idref="fl-13"/>
      </object_component>
      <object_component id="oc-16">
         <name>.debug_abbrev</name>
         <load_address>0x0</load_address>
         <run_address>0x0</run_address>
         <size>0x13c</size>
         <input_file_ref idref="fl-2"/>
      </object_component>
      <object_component id="oc-1c">
         <name>.debug_abbrev</name>
         <load_address>0x13c</load_address>
         <run_address>0x13c</run_address>
         <size>0x1a5</size>
         <input_file_ref idref="fl-3"/>
      </object_component>
      <object_component id="oc-20">
         <name>.debug_abbrev</name>
         <load_address>0x2e1</load_address>
         <run_address>0x2e1</run_address>
         <size>0xd2</size>
         <input_file_ref idref="fl-4"/>
      </object_component>
      <object_component id="oc-24">
         <name>.debug_abbrev</name>
         <load_address>0x3b3</load_address>
         <run_address>0x3b3</run_address>
         <size>0x98</size>
         <input_file_ref idref="fl-5"/>
      </object_component>
      <object_component id="oc-28">
         <name>.debug_abbrev</name>
         <load_address>0x44b</load_address>
         <run_address>0x44b</run_address>
         <size>0x20</size>
         <input_file_ref idref="fl-6"/>
      </object_component>
      <object_component id="oc-2c">
         <name>.debug_abbrev</name>
         <load_address>0x46b</load_address>
         <run_address>0x46b</run_address>
         <size>0xe7</size>
         <input_file_ref idref="fl-b"/>
      </object_component>
      <object_component id="oc-2f">
         <name>.debug_abbrev</name>
         <load_address>0x552</load_address>
         <run_address>0x552</run_address>
         <size>0xc3</size>
         <input_file_ref idref="fl-c"/>
      </object_component>
      <object_component id="oc-34">
         <name>.debug_abbrev</name>
         <load_address>0x615</load_address>
         <run_address>0x615</run_address>
         <size>0x119</size>
         <input_file_ref idref="fl-d"/>
      </object_component>
      <object_component id="oc-39">
         <name>.debug_abbrev</name>
         <load_address>0x72e</load_address>
         <run_address>0x72e</run_address>
         <size>0x9f</size>
         <input_file_ref idref="fl-e"/>
      </object_component>
      <object_component id="oc-3c">
         <name>.debug_abbrev</name>
         <load_address>0x7cd</load_address>
         <run_address>0x7cd</run_address>
         <size>0xe1</size>
         <input_file_ref idref="fl-f"/>
      </object_component>
      <object_component id="oc-3f">
         <name>.debug_abbrev</name>
         <load_address>0x8ae</load_address>
         <run_address>0x8ae</run_address>
         <size>0x3a</size>
         <input_file_ref idref="fl-10"/>
      </object_component>
      <object_component id="oc-42">
         <name>.debug_abbrev</name>
         <load_address>0x8e8</load_address>
         <run_address>0x8e8</run_address>
         <size>0x155</size>
         <input_file_ref idref="fl-11"/>
      </object_component>
      <object_component id="oc-45">
         <name>.debug_abbrev</name>
         <load_address>0xa3d</load_address>
         <run_address>0xa3d</run_address>
         <size>0x10c</size>
         <input_file_ref idref="fl-12"/>
      </object_component>
      <object_component id="oc-48">
         <name>.debug_abbrev</name>
         <load_address>0xb49</load_address>
         <run_address>0xb49</run_address>
         <size>0x3a</size>
         <input_file_ref idref="fl-13"/>
      </object_component>
      <object_component id="oc-6c">
         <name>.debug_abbrev</name>
         <load_address>0xb83</load_address>
         <run_address>0xb83</run_address>
         <size>0xd</size>
      </object_component>
   </object_component_list>
   <logical_group_list>
      <logical_group id="lg-2">
         <name>vectors</name>
         <load_address>0x11800000</load_address>
         <run_address>0x11800000</run_address>
         <size>0x200</size>
         <contents>
            <object_component_ref idref="oc-25"/>
         </contents>
      </logical_group>
      <logical_group id="lg-3">
         <name>.bss</name>
         <run_address>0x11802050</run_address>
         <size>0x24</size>
         <contents>
            <object_component_ref idref="oc-f"/>
            <object_component_ref idref="oc-17"/>
         </contents>
      </logical_group>
      <logical_group id="lg-4">
         <name>.cinit</name>
         <load_address>0x11801fa8</load_address>
         <run_address>0x11801fa8</run_address>
         <size>0xa4</size>
         <contents>
            <object_component_ref idref="oc-11"/>
            <object_component_ref idref="oc-31"/>
            <object_component_ref idref="oc-36"/>
            <object_component_ref idref="oc-19"/>
         </contents>
      </logical_group>
      <logical_group id="lg-5">
         <name>.cio</name>
         <run_address>0x0</run_address>
         <size>0x0</size>
         <contents>
         </contents>
      </logical_group>
      <logical_group id="lg-6">
         <name>.const</name>
         <run_address>0x0</run_address>
         <size>0x0</size>
         <contents>
         </contents>
      </logical_group>
      <logical_group id="lg-7">
         <name>.stack</name>
         <run_address>0x11801a20</run_address>
         <size>0x400</size>
         <contents>
            <object_component_ref idref="oc-2a"/>
            <object_component_ref idref="oc-6a"/>
         </contents>
      </logical_group>
      <logical_group id="lg-8">
         <name>.sysmem</name>
         <run_address>0x0</run_address>
         <size>0x0</size>
         <contents>
         </contents>
      </logical_group>
      <logical_group id="lg-9">
         <name>.text</name>
         <load_address>0x11800200</load_address>
         <run_address>0x11800200</run_address>
         <size>0x1820</size>
         <contents>
            <object_component_ref idref="oc-4c"/>
            <object_component_ref idref="oc-13"/>
            <object_component_ref idref="oc-49"/>
            <object_component_ref idref="oc-4b"/>
            <object_component_ref idref="oc-53"/>
            <object_component_ref idref="oc-4e"/>
            <object_component_ref idref="oc-4f"/>
            <object_component_ref idref="oc-54"/>
            <object_component_ref idref="oc-e"/>
            <object_component_ref idref="oc-4a"/>
            <object_component_ref idref="oc-4d"/>
            <object_component_ref idref="oc-51"/>
            <object_component_ref idref="oc-50"/>
         </contents>
      </logical_group>
      <logical_group id="lg-a">
         <name>.switch</name>
         <load_address>0x11802074</load_address>
         <run_address>0x11802074</run_address>
         <size>0x18</size>
         <contents>
            <object_component_ref idref="oc-52"/>
         </contents>
      </logical_group>
      <logical_group id="lg-b">
         <name>.far</name>
         <run_address>0x11801e20</run_address>
         <size>0x184</size>
         <contents>
            <object_component_ref idref="oc-12"/>
            <object_component_ref idref="oc-32"/>
            <object_component_ref idref="oc-37"/>
         </contents>
      </logical_group>
      <logical_group id="lg-c">
         <name>SHARED_SRAM</name>
         <run_address>0x0</run_address>
         <size>0x0</size>
         <contents>
         </contents>
      </logical_group>
      <logical_group id="lg-d">
         <name>CE0</name>
         <run_address>0x0</run_address>
         <size>0x0</size>
         <contents>
         </contents>
      </logical_group>
      <logical_group id="lg-61">
         <name>.debug_info</name>
         <load_address>0x0</load_address>
         <run_address>0x0</run_address>
         <size>0x7b5b</size>
         <contents>
            <object_component_ref idref="oc-10"/>
            <object_component_ref idref="oc-18"/>
            <object_component_ref idref="oc-1d"/>
            <object_component_ref idref="oc-21"/>
            <object_component_ref idref="oc-26"/>
            <object_component_ref idref="oc-29"/>
            <object_component_ref idref="oc-2d"/>
            <object_component_ref idref="oc-30"/>
            <object_component_ref idref="oc-35"/>
            <object_component_ref idref="oc-3a"/>
            <object_component_ref idref="oc-3d"/>
            <object_component_ref idref="oc-40"/>
            <object_component_ref idref="oc-43"/>
            <object_component_ref idref="oc-46"/>
            <object_component_ref idref="oc-6b"/>
         </contents>
      </logical_group>
      <logical_group id="lg-63">
         <name>.debug_frame</name>
         <load_address>0x0</load_address>
         <run_address>0x0</run_address>
         <size>0xdc4</size>
         <contents>
            <object_component_ref idref="oc-14"/>
            <object_component_ref idref="oc-1a"/>
            <object_component_ref idref="oc-1e"/>
            <object_component_ref idref="oc-22"/>
         </contents>
      </logical_group>
      <logical_group id="lg-65">
         <name>.debug_line</name>
         <load_address>0x0</load_address>
         <run_address>0x0</run_address>
         <size>0xab8</size>
         <contents>
            <object_component_ref idref="oc-15"/>
            <object_component_ref idref="oc-1b"/>
            <object_component_ref idref="oc-1f"/>
            <object_component_ref idref="oc-23"/>
            <object_component_ref idref="oc-27"/>
            <object_component_ref idref="oc-2b"/>
            <object_component_ref idref="oc-2e"/>
            <object_component_ref idref="oc-33"/>
            <object_component_ref idref="oc-38"/>
            <object_component_ref idref="oc-3b"/>
            <object_component_ref idref="oc-3e"/>
            <object_component_ref idref="oc-41"/>
            <object_component_ref idref="oc-44"/>
            <object_component_ref idref="oc-47"/>
         </contents>
      </logical_group>
      <logical_group id="lg-67">
         <name>.debug_abbrev</name>
         <load_address>0x0</load_address>
         <run_address>0x0</run_address>
         <size>0xb90</size>
         <contents>
            <object_component_ref idref="oc-16"/>
            <object_component_ref idref="oc-1c"/>
            <object_component_ref idref="oc-20"/>
            <object_component_ref idref="oc-24"/>
            <object_component_ref idref="oc-28"/>
            <object_component_ref idref="oc-2c"/>
            <object_component_ref idref="oc-2f"/>
            <object_component_ref idref="oc-34"/>
            <object_component_ref idref="oc-39"/>
            <object_component_ref idref="oc-3c"/>
            <object_component_ref idref="oc-3f"/>
            <object_component_ref idref="oc-42"/>
            <object_component_ref idref="oc-45"/>
            <object_component_ref idref="oc-48"/>
            <object_component_ref idref="oc-6c"/>
         </contents>
      </logical_group>
   </logical_group_list>
   <placement_map>
      <memory_area>
         <name>VECTORS</name>
         <page_id>0x0</page_id>
         <origin>0x11800000</origin>
         <length>0x200</length>
         <used_space>0x200</used_space>
         <unused_space>0x0</unused_space>
         <attributes>RWIX</attributes>
         <usage_details>
            <allocated_space>
               <start_address>0x11800000</start_address>
               <size>0x200</size>
               <logical_group_ref idref="lg-2"/>
            </allocated_space>
         </usage_details>
      </memory_area>
      <memory_area>
         <name>DSPRAM</name>
         <page_id>0x0</page_id>
         <origin>0x11800200</origin>
         <length>0x3fe00</length>
         <used_space>0x1e84</used_space>
         <unused_space>0x3df7c</unused_space>
         <attributes>RWIX</attributes>
         <usage_details>
            <allocated_space>
               <start_address>0x11800200</start_address>
               <size>0x1820</size>
               <logical_group_ref idref="lg-9"/>
            </allocated_space>
            <allocated_space>
               <start_address>0x11801a20</start_address>
               <size>0x400</size>
               <logical_group_ref idref="lg-7"/>
            </allocated_space>
            <allocated_space>
               <start_address>0x11801e20</start_address>
               <size>0x184</size>
               <logical_group_ref idref="lg-b"/>
            </allocated_space>
            <available_space>
               <start_address>0x11801fa4</start_address>
               <size>0x4</size>
            </available_space>
            <allocated_space>
               <start_address>0x11801fa8</start_address>
               <size>0xa4</size>
               <logical_group_ref idref="lg-4"/>
            </allocated_space>
            <available_space>
               <start_address>0x1180204c</start_address>
               <size>0x4</size>
            </available_space>
            <allocated_space>
               <start_address>0x11802050</start_address>
               <size>0x24</size>
               <logical_group_ref idref="lg-3"/>
            </allocated_space>
            <allocated_space>
               <start_address>0x11802074</start_address>
               <size>0x18</size>
               <logical_group_ref idref="lg-a"/>
            </allocated_space>
            <available_space>
               <start_address>0x1180208c</start_address>
               <size>0x3df74</size>
            </available_space>
         </usage_details>
      </memory_area>
      <memory_area>
         <name>SHAREDRAM</name>
         <page_id>0x0</page_id>
         <origin>0x80000000</origin>
         <length>0x20000</length>
         <used_space>0x0</used_space>
         <unused_space>0x20000</unused_space>
         <attributes>RWIX</attributes>
         <usage_details>
         </usage_details>
      </memory_area>
      <memory_area>
         <name>SDRAM</name>
         <page_id>0x0</page_id>
         <origin>0xc0000000</origin>
         <length>0x8000000</length>
         <used_space>0x0</used_space>
         <unused_space>0x8000000</unused_space>
         <attributes>RWIX</attributes>
         <usage_details>
         </usage_details>
      </memory_area>
   </placement_map>
   <symbol_table>
      <symbol id="sm-0">
         <name>cinit</name>
         <value>0x11801fa8</value>
      </symbol>
      <symbol id="sm-1">
         <name>___cinit__</name>
         <value>0x11801fa8</value>
      </symbol>
      <symbol id="sm-2">
         <name>pinit</name>
         <value>0xffffffff</value>
      </symbol>
      <symbol id="sm-3">
         <name>___pinit__</name>
         <value>0xffffffff</value>
      </symbol>
      <symbol id="sm-4">
         <name>binit</name>
         <value>0xffffffff</value>
      </symbol>
      <symbol id="sm-5">
         <name>___binit__</name>
         <value>0xffffffff</value>
      </symbol>
      <symbol id="sm-6">
         <name>__STACK_SIZE</name>
         <value>0x400</value>
      </symbol>
      <symbol id="sm-7">
         <name>__STACK_END</name>
         <value>0x11801e20</value>
      </symbol>
      <symbol id="sm-8">
         <name>___c_args__</name>
         <value>0xffffffff</value>
      </symbol>
      <symbol id="sm-9">
         <name>.text</name>
         <value>0x11800200</value>
      </symbol>
      <symbol id="sm-a">
         <name>___text__</name>
         <value>0x11800200</value>
      </symbol>
      <symbol id="sm-b">
         <name>etext</name>
         <value>0x11801a20</value>
      </symbol>
      <symbol id="sm-c">
         <name>___etext__</name>
         <value>0x11801a20</value>
      </symbol>
      <symbol id="sm-d">
         <name>.bss</name>
         <value>0x11802050</value>
      </symbol>
      <symbol id="sm-e">
         <name>___bss__</name>
         <value>0x11802050</value>
      </symbol>
      <symbol id="sm-f">
         <name>end</name>
         <value>0x11802074</value>
      </symbol>
      <symbol id="sm-10">
         <name>___end__</name>
         <value>0x11802074</value>
      </symbol>
      <symbol id="sm-11">
         <name>___TI_pprof_out_hndl</name>
         <value>0xffffffff</value>
      </symbol>
      <symbol id="sm-12">
         <name>___TI_prof_data_start</name>
         <value>0xffffffff</value>
      </symbol>
      <symbol id="sm-13">
         <name>___TI_prof_data_size</name>
         <value>0xffffffff</value>
      </symbol>
      <symbol id="sm-14">
         <name>$bss</name>
         <value>0x11802050</value>
      </symbol>
      <symbol id="sm-53">
         <name>_result</name>
         <value>0x11802058</value>
         <object_component_ref idref="oc-f"/>
      </symbol>
      <symbol id="sm-54">
         <name>_track_result</name>
         <value>0x11802050</value>
         <object_component_ref idref="oc-f"/>
      </symbol>
      <symbol id="sm-55">
         <name>_Codec_ISR</name>
         <value>0x118010a0</value>
         <object_component_ref idref="oc-13"/>
      </symbol>
      <symbol id="sm-56">
         <name>_data</name>
         <value>0x11802060</value>
         <object_component_ref idref="oc-f"/>
      </symbol>
      <symbol id="sm-57">
         <name>_CodecDataIn</name>
         <value>0x11801e20</value>
         <object_component_ref idref="oc-12"/>
      </symbol>
      <symbol id="sm-58">
         <name>_x_R_buffer</name>
         <value>0x11801ea0</value>
         <object_component_ref idref="oc-12"/>
      </symbol>
      <symbol id="sm-59">
         <name>_track_result_short</name>
         <value>0x11802054</value>
         <object_component_ref idref="oc-f"/>
      </symbol>
      <symbol id="sm-5a">
         <name>_CodecDataOut</name>
         <value>0x11801e24</value>
         <object_component_ref idref="oc-12"/>
      </symbol>
      <symbol id="sm-5b">
         <name>_x_E_buffer</name>
         <value>0x11801f18</value>
         <object_component_ref idref="oc-12"/>
      </symbol>
      <symbol id="sm-5c">
         <name>_w</name>
         <value>0x11801e28</value>
         <object_component_ref idref="oc-12"/>
      </symbol>
      <symbol id="sm-5d">
         <name>_data_flag</name>
         <value>0x1180205c</value>
         <object_component_ref idref="oc-f"/>
      </symbol>
      <symbol id="sm-134">
         <name>_CheckForOverrun</name>
         <value>0x11800754</value>
         <object_component_ref idref="oc-4c"/>
      </symbol>
      <symbol id="sm-135">
         <name>_Reset_I2C</name>
         <value>0x11800608</value>
         <object_component_ref idref="oc-4c"/>
      </symbol>
      <symbol id="sm-136">
         <name>_Init_McASP0</name>
         <value>0x11800b78</value>
         <object_component_ref idref="oc-4c"/>
      </symbol>
      <symbol id="sm-137">
         <name>_SetSampleRate_AIC3106</name>
         <value>0x11800a30</value>
         <object_component_ref idref="oc-4c"/>
      </symbol>
      <symbol id="sm-138">
         <name>_Config_LCDK6748</name>
         <value>0x11800208</value>
         <object_component_ref idref="oc-4c"/>
      </symbol>
      <symbol id="sm-139">
         <name>_Read_UART2</name>
         <value>0x11801028</value>
         <object_component_ref idref="oc-4c"/>
      </symbol>
      <symbol id="sm-13a">
         <name>_Puts_UART2</name>
         <value>0x11800fe8</value>
         <object_component_ref idref="oc-4c"/>
      </symbol>
      <symbol id="sm-13b">
         <name>_Init_AIC3106</name>
         <value>0x11800784</value>
         <object_component_ref idref="oc-4c"/>
      </symbol>
      <symbol id="sm-13c">
         <name>_WriteDigitalOutputs</name>
         <value>0x11800490</value>
         <object_component_ref idref="oc-4c"/>
      </symbol>
      <symbol id="sm-13d">
         <name>_wait</name>
         <value>0x11800578</value>
         <object_component_ref idref="oc-4c"/>
      </symbol>
      <symbol id="sm-13e">
         <name>_Init_UART2</name>
         <value>0x11800f08</value>
         <object_component_ref idref="oc-4c"/>
      </symbol>
      <symbol id="sm-13f">
         <name>_Reset_AIC3106</name>
         <value>0x11800a08</value>
         <object_component_ref idref="oc-4c"/>
      </symbol>
      <symbol id="sm-140">
         <name>_DSP_Init</name>
         <value>0x11800340</value>
         <object_component_ref idref="oc-4c"/>
      </symbol>
      <symbol id="sm-141">
         <name>_IsDataReady_UART2</name>
         <value>0x11801048</value>
         <object_component_ref idref="oc-4c"/>
      </symbol>
      <symbol id="sm-142">
         <name>_IsTxReady_UART2</name>
         <value>0x1180106c</value>
         <object_component_ref idref="oc-4c"/>
      </symbol>
      <symbol id="sm-143">
         <name>_Init_Interrupts_EDMA</name>
         <value>0x11800528</value>
         <object_component_ref idref="oc-4c"/>
      </symbol>
      <symbol id="sm-144">
         <name>_AIC3106_write_reg</name>
         <value>0x118009cc</value>
         <object_component_ref idref="oc-4c"/>
      </symbol>
      <symbol id="sm-145">
         <name>_WriteLEDs</name>
         <value>0x118003f0</value>
         <object_component_ref idref="oc-4c"/>
      </symbol>
      <symbol id="sm-146">
         <name>_Init_I2C</name>
         <value>0x118005ac</value>
         <object_component_ref idref="oc-4c"/>
      </symbol>
      <symbol id="sm-147">
         <name>_InitDigitalOutputs</name>
         <value>0x11800484</value>
         <object_component_ref idref="oc-4c"/>
      </symbol>
      <symbol id="sm-148">
         <name>_InitLEDs</name>
         <value>0x11800390</value>
         <object_component_ref idref="oc-4c"/>
      </symbol>
      <symbol id="sm-149">
         <name>_WriteCodecData</name>
         <value>0x11800730</value>
         <object_component_ref idref="oc-4c"/>
      </symbol>
      <symbol id="sm-14a">
         <name>_ReadSwitches</name>
         <value>0x1180046c</value>
         <object_component_ref idref="oc-4c"/>
      </symbol>
      <symbol id="sm-14b">
         <name>_DSP_Init_EDMA</name>
         <value>0x1180036c</value>
         <object_component_ref idref="oc-4c"/>
      </symbol>
      <symbol id="sm-14c">
         <name>_Write_I2C</name>
         <value>0x11800628</value>
         <object_component_ref idref="oc-4c"/>
      </symbol>
      <symbol id="sm-14d">
         <name>_Write_UART2</name>
         <value>0x11800fc0</value>
         <object_component_ref idref="oc-4c"/>
      </symbol>
      <symbol id="sm-14e">
         <name>_ReadCodecData</name>
         <value>0x1180070c</value>
         <object_component_ref idref="oc-4c"/>
      </symbol>
      <symbol id="sm-14f">
         <name>_EnableInterrupts</name>
         <value>0x118004ec</value>
         <object_component_ref idref="oc-4c"/>
      </symbol>
      <symbol id="sm-150">
         <name>_Init_Interrupts</name>
         <value>0x118004a8</value>
         <object_component_ref idref="oc-4c"/>
      </symbol>
      <symbol id="sm-151">
         <name>_GetSampleFreq</name>
         <value>0x11800200</value>
         <object_component_ref idref="oc-4c"/>
      </symbol>
      <symbol id="sm-152">
         <name>_EnableInterrupts_EDMA</name>
         <value>0x11800538</value>
         <object_component_ref idref="oc-4c"/>
      </symbol>
      <symbol id="sm-162">
         <name>_StartUp</name>
         <value>0x11801880</value>
         <object_component_ref idref="oc-54"/>
      </symbol>
      <symbol id="sm-170">
         <name>_main</name>
         <value>0x11801a00</value>
         <object_component_ref idref="oc-50"/>
      </symbol>
      <symbol id="sm-196">
         <name>_c_int00</name>
         <value>0x11801900</value>
         <object_component_ref idref="oc-e"/>
      </symbol>
      <symbol id="sm-197">
         <name>__stack</name>
         <value>0x11801a20</value>
         <object_component_ref idref="oc-2a"/>
      </symbol>
      <symbol id="sm-1b7">
         <name>C$$EXIT</name>
         <value>0x118019e0</value>
         <object_component_ref idref="oc-51"/>
      </symbol>
      <symbol id="sm-1b8">
         <name>_exit</name>
         <value>0x118015a0</value>
         <object_component_ref idref="oc-4b"/>
      </symbol>
      <symbol id="sm-1b9">
         <name>___TI_enable_exit_profile_output</name>
         <value>0x11801f98</value>
         <object_component_ref idref="oc-32"/>
      </symbol>
      <symbol id="sm-1ba">
         <name>_abort</name>
         <value>0x118019e0</value>
         <object_component_ref idref="oc-51"/>
      </symbol>
      <symbol id="sm-1bb">
         <name>__cleanup_ptr</name>
         <value>0x11801f90</value>
         <object_component_ref idref="oc-32"/>
      </symbol>
      <symbol id="sm-1bc">
         <name>__dtors_ptr</name>
         <value>0x11801f94</value>
         <object_component_ref idref="oc-32"/>
      </symbol>
      <symbol id="sm-1ca">
         <name>__unlock</name>
         <value>0x11801fa0</value>
         <object_component_ref idref="oc-37"/>
      </symbol>
      <symbol id="sm-1cb">
         <name>__lock</name>
         <value>0x11801f9c</value>
         <object_component_ref idref="oc-37"/>
      </symbol>
      <symbol id="sm-1cc">
         <name>__nop</name>
         <value>0x118019c0</value>
         <object_component_ref idref="oc-4d"/>
      </symbol>
      <symbol id="sm-1d6">
         <name>__args_main</name>
         <value>0x11801980</value>
         <object_component_ref idref="oc-4a"/>
      </symbol>
      <symbol id="sm-1d7">
         <name>__TI_args_main</name>
         <value>0x1</value>
      </symbol>
      <symbol id="sm-1e0">
         <name>__c6xabi_divu</name>
         <value>0x11801680</value>
         <object_component_ref idref="oc-53"/>
      </symbol>
      <symbol id="sm-1e1">
         <name>__divu</name>
         <value>0x11801680</value>
         <object_component_ref idref="oc-53"/>
      </symbol>
      <symbol id="sm-1f3">
         <name>__auto_init</name>
         <value>0x118014a0</value>
         <object_component_ref idref="oc-49"/>
      </symbol>
      <symbol id="sm-201">
         <name>_copy_in</name>
         <value>0x11801740</value>
         <object_component_ref idref="oc-4e"/>
      </symbol>
      <symbol id="sm-209">
         <name>_memcpy</name>
         <value>0x118017e0</value>
         <object_component_ref idref="oc-4f"/>
      </symbol>
   </symbol_table>
</link_info>
