******************************************************************************
               TMS320C6x Linker PC v7.4.24                     
******************************************************************************
>> Linked Tue Jan 21 14:13:29 2020

OUTPUT FILE NAME:   <fir_float_AIC3106.out>
ENTRY POINT SYMBOL: "_c_int00"  address: 11801b80


MEMORY CONFIGURATION

         name            origin    length      used     unused   attr    fill
----------------------  --------  ---------  --------  --------  ----  --------
  VECTORS               11800000   00000200  00000200  00000000  RWIX
  DSPRAM                11800200   0003fe00  00002384  0003da7c  RWIX
  SHAREDRAM             80000000   00020000  00000000  00020000  RWIX
  SDRAM                 c0000000   08000000  00000000  08000000  RWIX


SECTION ALLOCATION MAP

 output                                  attributes/
section   page    origin      length       input sections
--------  ----  ----------  ----------   ----------------
vectors    0    11800000    00000200     
                  11800000    00000200     vectors.obj (vectors)

.text      0    11800200    00001ae0     
                  11800200    00000ea0     LCDK6748_Support_DSP.obj (.text)
                  118010a0    00000460     ISRs_fir_float.obj (.text:retain)
                  11801500    00000280     rts6740.lib : divf.obj (.text:__divf)
                  11801780    000000c0                 : autoinit.obj (.text:__auto_init)
                  11801840    000000c0                 : divu.obj (.text:__divu)
                  11801900    000000c0                 : exit.obj (.text:_exit)
                  118019c0    000000a0                 : cpy_tbl.obj (.text:_copy_in)
                  11801a60    000000a0                 : memcpy64.obj (.text:_memcpy)
                  11801b00    00000080     StartUp.obj (.text)
                  11801b80    00000080     rts6740.lib : boot.obj (.text:_c_int00)
                  11801c00    00000060                 : cpp_init.obj (.text:___TI_cpp_init)
                  11801c60    00000040                 : args_main.obj (.text:__args_main)
                  11801ca0    00000020                 : exit.obj (.text:_abort)
                  11801cc0    00000020     main.obj (.text)

.stack     0    11801ce0    00000400     UNINITIALIZED
                  11801ce0    00000008     rts6740.lib : boot.obj (.stack)
                  11801ce8    000003f8     --HOLE--

.far       0    118020e0    000003d4     UNINITIALIZED
                  118020e0    000003c8     ISRs_fir_float.obj (.far)
                  118024a8    0000000c     rts6740.lib : exit.obj (.far)

.cinit     0    118024b8    00000094     
                  118024b8    00000050     ISRs_fir_float.obj (.cinit)
                  11802508    0000002c     rts6740.lib : exit.obj (.cinit)
                  11802534    00000004     --HOLE-- [fill = 0]
                  11802538    0000000c     LCDK6748_Support_DSP.obj (.cinit)
                  11802544    00000004     --HOLE-- [fill = 0]
                  11802548    00000004     (.pad.cinit) [fill = 0]

.bss       0    11802550    00000024     UNINITIALIZED
                  11802550    00000020     ISRs_fir_float.obj (.bss)
                  11802570    00000004     LCDK6748_Support_DSP.obj (.bss)

.switch    0    11802574    00000018     
                  11802574    00000018     LCDK6748_Support_DSP.obj (.switch:_SetSampleRate_AIC3106)


GLOBAL SYMBOLS: SORTED ALPHABETICALLY BY Name 

address    name
--------   ----
11802550   $bss
11802550   .bss
11800200   .text
11801ca0   C$$EXIT
118009cc   _AIC3106_write_reg
11800754   _CheckForOverrun
118020e0   _CodecDataIn
118020e4   _CodecDataOut
118010a0   _Codec_ISR
11800208   _Config_LCDK6748
11800340   _DSP_Init
1180036c   _DSP_Init_EDMA
118004ec   _EnableInterrupts
11800538   _EnableInterrupts_EDMA
11800200   _GetSampleFreq
11800484   _InitDigitalOutputs
11800390   _InitLEDs
11800784   _Init_AIC3106
118005ac   _Init_I2C
118004a8   _Init_Interrupts
11800528   _Init_Interrupts_EDMA
11800b78   _Init_McASP0
11800f08   _Init_UART2
11801048   _IsDataReady_UART2
1180106c   _IsTxReady_UART2
11800fe8   _Puts_UART2
1180070c   _ReadCodecData
1180046c   _ReadSwitches
11801028   _Read_UART2
11800a08   _Reset_AIC3106
11800608   _Reset_I2C
11800a30   _SetSampleRate_AIC3106
11801b00   _StartUp
11800730   _WriteCodecData
11800490   _WriteDigitalOutputs
118003f0   _WriteLEDs
11800628   _Write_I2C
11800fc0   _Write_UART2
118020e0   __STACK_END
00000400   __STACK_SIZE
00000001   __TI_args_main
11801c00   ___TI_cpp_init
118024b0   ___TI_enable_exit_profile_output
ffffffff   ___TI_pprof_out_hndl
ffffffff   ___TI_prof_data_size
ffffffff   ___TI_prof_data_start
ffffffff   ___binit__
11802550   ___bss__
ffffffff   ___c_args__
118024b8   ___cinit__
11802574   ___end__
11801ce0   ___etext__
ffffffff   ___pinit__
11800200   ___text__
11801c60   __args_main
11801780   __auto_init
11801840   __c6xabi_divu
118024a8   __cleanup_ptr
11801500   __divf
11801840   __divu
118024ac   __dtors_ptr
11801ce0   __stack
11801ca0   _abort
11802550   _beta
11801b80   _c_int00
118019c0   _copy_in
1180255c   _data
11802558   _data_flag
11801900   _exit
11801cc0   _main
11801a60   _memcpy
11802560   _track_result
11802368   _w
11800578   _wait
118020e8   _x_E_buffer
11802228   _x_test_buffer
11802554   _x_test_filtered_buffer
ffffffff   binit
118024b8   cinit
11802574   end
11801ce0   etext
ffffffff   pinit


GLOBAL SYMBOLS: SORTED BY Symbol Address 

address    name
--------   ----
00000001   __TI_args_main
00000400   __STACK_SIZE
11800200   .text
11800200   _GetSampleFreq
11800200   ___text__
11800208   _Config_LCDK6748
11800340   _DSP_Init
1180036c   _DSP_Init_EDMA
11800390   _InitLEDs
118003f0   _WriteLEDs
1180046c   _ReadSwitches
11800484   _InitDigitalOutputs
11800490   _WriteDigitalOutputs
118004a8   _Init_Interrupts
118004ec   _EnableInterrupts
11800528   _Init_Interrupts_EDMA
11800538   _EnableInterrupts_EDMA
11800578   _wait
118005ac   _Init_I2C
11800608   _Reset_I2C
11800628   _Write_I2C
1180070c   _ReadCodecData
11800730   _WriteCodecData
11800754   _CheckForOverrun
11800784   _Init_AIC3106
118009cc   _AIC3106_write_reg
11800a08   _Reset_AIC3106
11800a30   _SetSampleRate_AIC3106
11800b78   _Init_McASP0
11800f08   _Init_UART2
11800fc0   _Write_UART2
11800fe8   _Puts_UART2
11801028   _Read_UART2
11801048   _IsDataReady_UART2
1180106c   _IsTxReady_UART2
118010a0   _Codec_ISR
11801500   __divf
11801780   __auto_init
11801840   __c6xabi_divu
11801840   __divu
11801900   _exit
118019c0   _copy_in
11801a60   _memcpy
11801b00   _StartUp
11801b80   _c_int00
11801c00   ___TI_cpp_init
11801c60   __args_main
11801ca0   C$$EXIT
11801ca0   _abort
11801cc0   _main
11801ce0   ___etext__
11801ce0   __stack
11801ce0   etext
118020e0   _CodecDataIn
118020e0   __STACK_END
118020e4   _CodecDataOut
118020e8   _x_E_buffer
11802228   _x_test_buffer
11802368   _w
118024a8   __cleanup_ptr
118024ac   __dtors_ptr
118024b0   ___TI_enable_exit_profile_output
118024b8   ___cinit__
118024b8   cinit
11802550   $bss
11802550   .bss
11802550   ___bss__
11802550   _beta
11802554   _x_test_filtered_buffer
11802558   _data_flag
1180255c   _data
11802560   _track_result
11802574   ___end__
11802574   end
ffffffff   ___TI_pprof_out_hndl
ffffffff   ___TI_prof_data_size
ffffffff   ___TI_prof_data_start
ffffffff   ___binit__
ffffffff   ___c_args__
ffffffff   ___pinit__
ffffffff   binit
ffffffff   pinit

[82 symbols]
