******************************************************************************
               TMS320C6x Linker PC v7.4.24                     
******************************************************************************
>> Linked Fri Feb 07 12:45:56 2020

OUTPUT FILE NAME:   <fir_float_AIC3106.out>
ENTRY POINT SYMBOL: "_c_int00"  address: 11801ba0


MEMORY CONFIGURATION

         name            origin    length      used     unused   attr    fill
----------------------  --------  ---------  --------  --------  ----  --------
  VECTORS               11800000   00000200  00000200  00000000  RWIX
  DSPRAM                11800200   0003fe00  000023f4  0003da0c  RWIX
  SHAREDRAM             80000000   00020000  00000000  00020000  RWIX
  SDRAM                 c0000000   08000000  00000000  08000000  RWIX


SECTION ALLOCATION MAP

 output                                  attributes/
section   page    origin      length       input sections
--------  ----  ----------  ----------   ----------------
vectors    0    11800000    00000200     
                  11800000    00000200     vectors.obj (vectors)

.text      0    11800200    00001b00     
                  11800200    00000ea0     LCDK6748_Support_DSP.obj (.text)
                  118010a0    00000480     ISRs_fir_float.obj (.text:retain)
                  11801520    00000280     rts6740.lib : divf.obj (.text:__divf)
                  118017a0    000000c0                 : autoinit.obj (.text:__auto_init)
                  11801860    000000c0                 : divu.obj (.text:__divu)
                  11801920    000000c0                 : exit.obj (.text:_exit)
                  118019e0    000000a0                 : cpy_tbl.obj (.text:_copy_in)
                  11801a80    000000a0                 : memcpy64.obj (.text:_memcpy)
                  11801b20    00000080     StartUp.obj (.text)
                  11801ba0    00000080     rts6740.lib : boot.obj (.text:_c_int00)
                  11801c20    00000060                 : cpp_init.obj (.text:___TI_cpp_init)
                  11801c80    00000040                 : args_main.obj (.text:__args_main)
                  11801cc0    00000020                 : exit.obj (.text:_abort)
                  11801ce0    00000020     main.obj (.text)

.stack     0    11801d00    00000400     UNINITIALIZED
                  11801d00    00000008     rts6740.lib : boot.obj (.stack)
                  11801d08    000003f8     --HOLE--

.far       0    11802100    000003ec     UNINITIALIZED
                  11802100    000003dd     ISRs_fir_float.obj (.far)
                  118024dd    00000003     --HOLE--
                  118024e0    0000000c     rts6740.lib : exit.obj (.far)

.cinit     0    118024f0    000000a4     
                  118024f0    00000060     ISRs_fir_float.obj (.cinit)
                  11802550    0000002c     rts6740.lib : exit.obj (.cinit)
                  1180257c    00000004     --HOLE-- [fill = 0]
                  11802580    0000000c     LCDK6748_Support_DSP.obj (.cinit)
                  1180258c    00000004     --HOLE-- [fill = 0]
                  11802590    00000004     (.pad.cinit) [fill = 0]

.const     0    11802594    00000028     
                  11802594    00000023     rts6740.lib : _printfi.obj (.const:.string)
                  118025b7    00000001     --HOLE-- [fill = 0]
                  118025b8    00000004     ISRs_fir_float.obj (.const:.string)

.bss       0    118025c0    00000024     UNINITIALIZED
                  118025c0    00000020     ISRs_fir_float.obj (.bss)
                  118025e0    00000004     LCDK6748_Support_DSP.obj (.bss)

.switch    0    118025e4    00000018     
                  118025e4    00000018     LCDK6748_Support_DSP.obj (.switch:_SetSampleRate_AIC3106)


GLOBAL SYMBOLS: SORTED ALPHABETICALLY BY Name 

address    name
--------   ----
118025c0   $bss
118025c0   .bss
11800200   .text
11801cc0   C$$EXIT
118009cc   _AIC3106_write_reg
11800754   _CheckForOverrun
11802100   _CodecDataIn
11802104   _CodecDataOut
118010a0   _Codec_ISR
11800208   _Config_LCDK6748
11800340   _DSP_Init
1180036c   _DSP_Init_EDMA
118004ec   _EnableInterrupts
11800538   _EnableInterrupts_EDMA
11800200   _GetSampleFreq
11800484   _InitDigitalOutputs
11800390   _InitLEDs
11800784   _Init_AIC3106
118005ac   _Init_I2C
118004a8   _Init_Interrupts
11800528   _Init_Interrupts_EDMA
11800b78   _Init_McASP0
11800f08   _Init_UART2
11801048   _IsDataReady_UART2
1180106c   _IsTxReady_UART2
11800fe8   _Puts_UART2
1180070c   _ReadCodecData
1180046c   _ReadSwitches
11801028   _Read_UART2
11800a08   _Reset_AIC3106
11800608   _Reset_I2C
11800a30   _SetSampleRate_AIC3106
11801b20   _StartUp
11800730   _WriteCodecData
11800490   _WriteDigitalOutputs
118003f0   _WriteLEDs
11800628   _Write_I2C
11800fc0   _Write_UART2
11802100   __STACK_END
00000400   __STACK_SIZE
00000001   __TI_args_main
11801c20   ___TI_cpp_init
118024e8   ___TI_enable_exit_profile_output
ffffffff   ___TI_pprof_out_hndl
ffffffff   ___TI_prof_data_size
ffffffff   ___TI_prof_data_start
ffffffff   ___binit__
118025c0   ___bss__
ffffffff   ___c_args__
118024f0   ___cinit__
118025e4   ___end__
11801d00   ___etext__
ffffffff   ___pinit__
11800200   ___text__
11801c80   __args_main
118017a0   __auto_init
11801860   __c6xabi_divu
118024e0   __cleanup_ptr
11801520   __divf
11801860   __divu
118024e4   __dtors_ptr
11801d00   __stack
11801cc0   _abort
118025c0   _beta
11801ba0   _c_int00
118019e0   _copy_in
118025d0   _data
118025cc   _data_flag
118025c8   _demo_num
11801920   _exit
11801ce0   _main
11801a80   _memcpy
118025d4   _track_result
11802388   _w
11800578   _wait
11802108   _x_E_buffer
11802248   _x_test_buffer
118025c4   _x_test_filtered_buffer
ffffffff   binit
118024f0   cinit
118025e4   end
11801d00   etext
ffffffff   pinit


GLOBAL SYMBOLS: SORTED BY Symbol Address 

address    name
--------   ----
00000001   __TI_args_main
00000400   __STACK_SIZE
11800200   .text
11800200   _GetSampleFreq
11800200   ___text__
11800208   _Config_LCDK6748
11800340   _DSP_Init
1180036c   _DSP_Init_EDMA
11800390   _InitLEDs
118003f0   _WriteLEDs
1180046c   _ReadSwitches
11800484   _InitDigitalOutputs
11800490   _WriteDigitalOutputs
118004a8   _Init_Interrupts
118004ec   _EnableInterrupts
11800528   _Init_Interrupts_EDMA
11800538   _EnableInterrupts_EDMA
11800578   _wait
118005ac   _Init_I2C
11800608   _Reset_I2C
11800628   _Write_I2C
1180070c   _ReadCodecData
11800730   _WriteCodecData
11800754   _CheckForOverrun
11800784   _Init_AIC3106
118009cc   _AIC3106_write_reg
11800a08   _Reset_AIC3106
11800a30   _SetSampleRate_AIC3106
11800b78   _Init_McASP0
11800f08   _Init_UART2
11800fc0   _Write_UART2
11800fe8   _Puts_UART2
11801028   _Read_UART2
11801048   _IsDataReady_UART2
1180106c   _IsTxReady_UART2
118010a0   _Codec_ISR
11801520   __divf
118017a0   __auto_init
11801860   __c6xabi_divu
11801860   __divu
11801920   _exit
118019e0   _copy_in
11801a80   _memcpy
11801b20   _StartUp
11801ba0   _c_int00
11801c20   ___TI_cpp_init
11801c80   __args_main
11801cc0   C$$EXIT
11801cc0   _abort
11801ce0   _main
11801d00   ___etext__
11801d00   __stack
11801d00   etext
11802100   _CodecDataIn
11802100   __STACK_END
11802104   _CodecDataOut
11802108   _x_E_buffer
11802248   _x_test_buffer
11802388   _w
118024e0   __cleanup_ptr
118024e4   __dtors_ptr
118024e8   ___TI_enable_exit_profile_output
118024f0   ___cinit__
118024f0   cinit
118025c0   $bss
118025c0   .bss
118025c0   ___bss__
118025c0   _beta
118025c4   _x_test_filtered_buffer
118025c8   _demo_num
118025cc   _data_flag
118025d0   _data
118025d4   _track_result
118025e4   ___end__
118025e4   end
ffffffff   ___TI_pprof_out_hndl
ffffffff   ___TI_prof_data_size
ffffffff   ___TI_prof_data_start
ffffffff   ___binit__
ffffffff   ___c_args__
ffffffff   ___pinit__
ffffffff   binit
ffffffff   pinit

[83 symbols]
